2024-06-04 22:13:28 - root - INFO - Injecting NormalGenerator dependecy2024-06-04 22:35:19 - root - INFO - Injecting NormalGenerator dependecy
2024-06-04 22:39:07 - root - INFO - Injecting NormalGenerator dependecy
2024-06-04 22:39:48 - root - INFO - Injecting UniformGenerator dependecy
2024-06-04 22:40:32 - root - INFO - Injecting UniformGenerator dependecy
2024-06-04 22:47:54 - root - INFO - Injecting UniformGenerator dependecy
2024-06-04 22:51:59 - root - ERROR - 'int' object is not subscriptable - can't decrypt data
2024-06-04 22:51:59 - root - ERROR - 'int' object is not subscriptable - can't decrypt data
2024-06-04 22:51:59 - root - ERROR - 'int' object is not subscriptable - can't decrypt data
2024-06-04 23:01:40 - root - INFO - Injecting NormalGenerator dependecy
2024-06-04 23:02:06 - root - INFO - Injecting UniformGenerator dependecy
2024-06-04 23:17:57 - root - INFO - Shutting down DataServer
2024-06-05 01:25:36 - root - INFO - Injecting NormalGenerator dependecy
2024-06-05 01:25:36 - main - ERROR - Exception on /generateData [POST]
Traceback (most recent call last):
  File "/home/runner/DataServer/.pythonlibs/lib/python3.10/site-packages/flask/app.py", line 1455, in wsgi_app
    response = self.full_dispatch_request()
  File "/home/runner/DataServer/.pythonlibs/lib/python3.10/site-packages/flask/app.py", line 869, in full_dispatch_request
    rv = self.handle_user_exception(e)
  File "/home/runner/DataServer/.pythonlibs/lib/python3.10/site-packages/flask/app.py", line 867, in full_dispatch_request
    rv = self.dispatch_request()
  File "/home/runner/DataServer/.pythonlibs/lib/python3.10/site-packages/flask/app.py", line 852, in dispatch_request
    return self.ensure_sync(self.view_functions[rule.endpoint])(**view_args)
  File "/home/runner/DataServer/main.py", line 51, in generate_data
    numbers_json = data_server.generate_data(quantity,lower,upper)
  File "/home/runner/DataServer/data_server/data_server.py", line 18, in generate_data
    numbers = self.data_generator.generate_numbers(quantity,lower,upper)
  File "/home/runner/DataServer/data_handler/normal_generator.py", line 14, in generate_numbers
    randoms = norm.rvs(loc=mu, scale=sigma, size=quantity)
  File "/home/runner/DataServer/.pythonlibs/lib/python3.10/site-packages/scipy/stats/_distn_infrastructure.py", line 1069, in rvs
    vals = self._rvs(*args, size=size, random_state=random_state)
  File "/home/runner/DataServer/.pythonlibs/lib/python3.10/site-packages/scipy/stats/_continuous_distns.py", line 359, in _rvs
    return random_state.standard_normal(size)
  File "numpy/random/mtrand.pyx", line 1448, in numpy.random.mtrand.RandomState.standard_normal
  File "_common.pyx", line 636, in numpy.random._common.cont
TypeError: 'numpy.str_' object cannot be interpreted as an integer
2024-06-05 01:27:21 - root - INFO - Injecting NormalGenerator dependecy
2024-06-05 01:27:21 - main - ERROR - Exception on /generateData [POST]
Traceback (most recent call last):
  File "/home/runner/DataServer/.pythonlibs/lib/python3.10/site-packages/flask/app.py", line 1455, in wsgi_app
    response = self.full_dispatch_request()
  File "/home/runner/DataServer/.pythonlibs/lib/python3.10/site-packages/flask/app.py", line 869, in full_dispatch_request
    rv = self.handle_user_exception(e)
  File "/home/runner/DataServer/.pythonlibs/lib/python3.10/site-packages/flask/app.py", line 867, in full_dispatch_request
    rv = self.dispatch_request()
  File "/home/runner/DataServer/.pythonlibs/lib/python3.10/site-packages/flask/app.py", line 852, in dispatch_request
    return self.ensure_sync(self.view_functions[rule.endpoint])(**view_args)
  File "/home/runner/DataServer/main.py", line 51, in generate_data
    numbers_json = data_server.generate_data(quantity,lower,upper)
  File "/home/runner/DataServer/data_server/data_server.py", line 20, in generate_data
    numbers_str = json.dumps(numbers)
  File "/nix/store/blyk7br3pqd873y5kbinxlngc1xb8sf9-python3-3.10.14/lib/python3.10/json/__init__.py", line 231, in dumps
    return _default_encoder.encode(obj)
  File "/nix/store/blyk7br3pqd873y5kbinxlngc1xb8sf9-python3-3.10.14/lib/python3.10/json/encoder.py", line 199, in encode
    chunks = self.iterencode(o, _one_shot=True)
  File "/nix/store/blyk7br3pqd873y5kbinxlngc1xb8sf9-python3-3.10.14/lib/python3.10/json/encoder.py", line 257, in iterencode
    return _iterencode(o, 0)
  File "/nix/store/blyk7br3pqd873y5kbinxlngc1xb8sf9-python3-3.10.14/lib/python3.10/json/encoder.py", line 179, in default
    raise TypeError(f'Object of type {o.__class__.__name__} '
TypeError: Object of type ndarray is not JSON serializable
2024-06-05 01:28:31 - root - INFO - Injecting NormalGenerator dependecy
2024-06-05 01:29:02 - root - INFO - Injecting NormalGenerator dependecy
2024-06-05 01:30:42 - root - INFO - Injecting NormalGenerator dependecy
2024-06-05 01:31:06 - root - INFO - Injecting NormalGenerator dependecy
2024-06-05 01:32:35 - root - INFO - Injecting NormalGenerator dependecy
2024-06-05 01:33:56 - root - INFO - Injecting UniformGenerator dependecy
2024-06-05 01:50:25 - root - INFO - Injecting UniformGenerator dependecy
2024-06-05 01:50:25 - main - ERROR - Exception on /generateData [POST]
Traceback (most recent call last):
  File "/home/runner/DataServer/.pythonlibs/lib/python3.10/site-packages/flask/app.py", line 1455, in wsgi_app
    response = self.full_dispatch_request()
  File "/home/runner/DataServer/.pythonlibs/lib/python3.10/site-packages/flask/app.py", line 869, in full_dispatch_request
    rv = self.handle_user_exception(e)
  File "/home/runner/DataServer/.pythonlibs/lib/python3.10/site-packages/flask/app.py", line 867, in full_dispatch_request
    rv = self.dispatch_request()
  File "/home/runner/DataServer/.pythonlibs/lib/python3.10/site-packages/flask/app.py", line 852, in dispatch_request
    return self.ensure_sync(self.view_functions[rule.endpoint])(**view_args)
  File "/home/runner/DataServer/main.py", line 51, in generate_data
    numbers_json = data_server.generate_data(quantity,lower,upper)
  File "/home/runner/DataServer/data_server/data_server.py", line 18, in generate_data
    numbers = self.data_generator.generate_numbers(quantity,lower,upper)
  File "/home/runner/DataServer/data_handler/uniform_generator.py", line 11, in generate_numbers
    randoms = uniform.rvs(loc=lower , scale = upper-lower, size=quantity)
TypeError: unsupported operand type(s) for -: 'str' and 'str'
2024-06-05 01:52:11 - root - INFO - Injecting UniformGenerator dependecy
2024-06-05 01:52:35 - root - INFO - Injecting UniformGenerator dependecy
2024-06-05 01:52:40 - root - INFO - Injecting NormalGenerator dependecy
2024-06-05 01:53:07 - root - INFO - Injecting UniformGenerator dependecy
2024-06-05 01:54:37 - root - INFO - Injecting NormalGenerator dependecy
2024-06-05 01:54:43 - root - INFO - Injecting UniformGenerator dependecy
2024-06-05 01:54:54 - root - INFO - Injecting NormalGenerator dependecy
2024-06-05 01:57:22 - root - INFO - Injecting UniformGenerator dependecy
2024-06-05 01:57:31 - root - INFO - Injecting NormalGenerator dependecy
2024-06-05 01:57:39 - root - INFO - Injecting NormalGenerator dependecy
2024-06-05 01:57:46 - root - INFO - Injecting NormalGenerator dependecy
2024-06-05 01:57:52 - root - INFO - Injecting NormalGenerator dependecy
2024-06-05 01:57:58 - root - INFO - Injecting UniformGenerator dependecy
2024-06-05 01:59:43 - root - INFO - Shutting down DataServer
2024-06-05 02:00:35 - root - INFO - Injecting UniformGenerator dependecy
2024-06-05 02:03:47 - root - INFO - Injecting UniformGenerator dependecy
2024-06-05 02:04:02 - root - INFO - Injecting NormalGenerator dependecy
2024-06-05 02:14:39 - root - INFO - Injecting UniformGenerator dependecy
2024-06-05 02:15:08 - root - INFO - Injecting NormalGenerator dependecy
2024-06-05 02:47:58 - root - INFO - Injecting NormalGenerator dependecy
2024-06-05 02:48:20 - root - INFO - Injecting NormalGenerator dependecy
2024-06-05 02:48:30 - root - INFO - Injecting UniformGenerator dependecy
2024-06-05 02:49:19 - root - INFO - Shutting down DataServer
2024-06-05 22:43:04 - root - INFO - Injecting NormalGenerator dependecy
2024-06-05 22:44:33 - root - INFO - Shutting down DataServer
2024-06-05 22:47:40 - root - INFO - Injecting UniformGenerator dependecy
2024-06-05 22:48:27 - root - INFO - Shutting down DataServer
2024-06-05 22:49:36 - root - INFO - Injecting NormalGenerator dependecy
2024-06-05 22:59:09 - root - INFO - Injecting NormalGenerator dependecy
2024-06-05 23:01:06 - root - INFO - Injecting NormalGenerator dependecy
2024-06-05 23:01:16 - root - INFO - Shutting down DataServer
2024-06-05 23:04:54 - root - INFO - Injecting NormalGenerator dependecy
2024-06-05 23:05:14 - root - INFO - Shutting down DataServer
2024-06-05 23:07:30 - root - INFO - Shutting down DataServer
2024-06-05 23:11:11 - root - INFO - Injecting NormalGenerator dependecy
2024-06-05 23:11:39 - root - INFO - Injecting UniformGenerator dependecy
2024-06-05 23:12:59 - root - INFO - Injecting UniformGenerator dependecy
2024-06-05 23:13:16 - root - INFO - Injecting UniformGenerator dependecy
2024-06-05 23:13:41 - root - INFO - Shutting down DataServer
2024-06-06 00:17:01 - root - INFO - Injecting UniformGenerator dependecy
2024-06-06 00:18:29 - root - INFO - Injecting UniformGenerator dependecy
2024-06-06 00:24:34 - root - INFO - Injecting UniformGenerator dependecy
2024-06-06 00:27:10 - root - INFO - Injecting UniformGenerator dependecy
2024-06-06 00:32:03 - root - INFO - Injecting NormalGenerator dependecy
2024-06-06 00:32:15 - root - INFO - Injecting NormalGenerator dependecy
2024-06-06 00:34:14 - root - INFO - Shutting down DataServer
2024-06-06 00:35:24 - root - INFO - Injecting UniformGenerator dependecy
2024-06-06 00:39:37 - root - INFO - Injecting NormalGenerator dependecy
2024-06-06 00:41:45 - root - INFO - Injecting UniformGenerator dependecy
2024-06-06 00:46:54 - root - INFO - Shutting down DataServer
2024-06-06 03:42:27 - root - INFO - Injecting UniformGenerator dependecy
2024-06-06 03:45:37 - root - INFO - Injecting UniformGenerator dependecy
