2024-06-03 11:20:47 - root - INFO - Initializing PrimeClassifier problem
2024-06-03 11:21:01 - root - ERROR - [Errno 48] Address already in use - can't run Problem Solver
2024-06-03 11:23:38 - root - INFO - Initializing PrimeClassifier problem
2024-06-03 11:24:04 - root - ERROR - [Errno 48] Address already in use - can't run Problem Solver
2024-06-03 11:28:56 - root - INFO - hola
2024-06-03 11:29:06 - root - INFO - Initializing PrimeClassifier problem
2024-06-03 11:30:03 - root - INFO - Initializing PrimeClassifier problem
2024-06-03 11:30:40 - root - ERROR - [Errno 48] Address already in use - can't run Problem Solver
2024-06-03 11:32:39 - root - INFO - Initializing PrimeClassifier problem
2024-06-03 11:32:52 - root - INFO - shutdown problemSolver
2024-06-03 11:34:19 - root - INFO - Initializing FizzBuzz problem
2024-06-03 11:34:33 - root - INFO - shutdown problemSolver
2024-06-03 11:50:49 - root - INFO - Initializing FizzBuzz problem
2024-06-03 11:50:57 - root - INFO - Shutdown problemSolver
2024-06-03 14:43:09 - root - INFO - Initializing FizzBuzz problem
2024-06-03 14:43:09 - urllib3.connectionpool - DEBUG - Starting new HTTPS connection (1): 1c8cd0ab-1058-4932-9a7e-e7c73ea9cc4d-00-h7zud3vznxpb.kirk.replit.dev:443
2024-06-03 14:43:10 - urllib3.connectionpool - DEBUG - https://1c8cd0ab-1058-4932-9a7e-e7c73ea9cc4d-00-h7zud3vznxpb.kirk.replit.dev:443 "GET /10/0/20 HTTP/1.1" 200 268
2024-06-03 14:44:38 - root - INFO - Initializing FizzBuzz problem
2024-06-03 14:44:38 - urllib3.connectionpool - DEBUG - Starting new HTTPS connection (1): 1c8cd0ab-1058-4932-9a7e-e7c73ea9cc4d-00-h7zud3vznxpb.kirk.replit.dev:443
2024-06-03 14:44:39 - urllib3.connectionpool - DEBUG - https://1c8cd0ab-1058-4932-9a7e-e7c73ea9cc4d-00-h7zud3vznxpb.kirk.replit.dev:443 "GET /10/0/20 HTTP/1.1" 200 268
2024-06-03 14:46:20 - root - INFO - Initializing FizzBuzz problem
2024-06-03 14:46:20 - urllib3.connectionpool - DEBUG - Starting new HTTPS connection (1): 1c8cd0ab-1058-4932-9a7e-e7c73ea9cc4d-00-h7zud3vznxpb.kirk.replit.dev:443
2024-06-03 14:46:21 - urllib3.connectionpool - DEBUG - https://1c8cd0ab-1058-4932-9a7e-e7c73ea9cc4d-00-h7zud3vznxpb.kirk.replit.dev:443 "GET /10/0/20 HTTP/1.1" 200 268
2024-06-03 15:48:51 - root - INFO - Shutdown problemSolver
2024-06-04 14:55:59 - root - INFO - Initializing FizzBuzz problem
2024-06-04 14:55:59 - urllib3.connectionpool - DEBUG - Starting new HTTPS connection (1): 1c8cd0ab-1058-4932-9a7e-e7c73ea9cc4d-00-h7zud3vznxpb.kirk.replit.dev:443
2024-06-04 14:55:59 - urllib3.connectionpool - DEBUG - https://1c8cd0ab-1058-4932-9a7e-e7c73ea9cc4d-00-h7zud3vznxpb.kirk.replit.dev:443 "GET /10/0/20 HTTP/1.1" 503 None
2024-06-04 14:56:42 - root - INFO - Initializing FizzBuzz problem
2024-06-04 14:56:42 - urllib3.connectionpool - DEBUG - Starting new HTTPS connection (1): 1c8cd0ab-1058-4932-9a7e-e7c73ea9cc4d-00-h7zud3vznxpb.kirk.replit.dev:443
2024-06-04 14:56:42 - urllib3.connectionpool - DEBUG - https://1c8cd0ab-1058-4932-9a7e-e7c73ea9cc4d-00-h7zud3vznxpb.kirk.replit.dev:443 "GET /10/0/20 HTTP/1.1" 200 268
2024-06-04 14:57:53 - root - INFO - Initializing PrimeClassifier problem
2024-06-04 14:57:53 - urllib3.connectionpool - DEBUG - Starting new HTTPS connection (1): 1c8cd0ab-1058-4932-9a7e-e7c73ea9cc4d-00-h7zud3vznxpb.kirk.replit.dev:443
2024-06-04 14:57:53 - urllib3.connectionpool - DEBUG - https://1c8cd0ab-1058-4932-9a7e-e7c73ea9cc4d-00-h7zud3vznxpb.kirk.replit.dev:443 "GET /10/0/20 HTTP/1.1" 200 268
2024-06-04 14:58:44 - root - INFO - Initializing FibonacciVerifier problem
2024-06-04 14:58:44 - urllib3.connectionpool - DEBUG - Starting new HTTPS connection (1): 1c8cd0ab-1058-4932-9a7e-e7c73ea9cc4d-00-h7zud3vznxpb.kirk.replit.dev:443
2024-06-04 14:58:44 - urllib3.connectionpool - DEBUG - https://1c8cd0ab-1058-4932-9a7e-e7c73ea9cc4d-00-h7zud3vznxpb.kirk.replit.dev:443 "GET /10/0/20 HTTP/1.1" 200 268
2024-06-04 14:59:14 - root - INFO - Shutdown problemSolver
2024-06-04 15:05:05 - root - INFO - Initializing PrimeClassifier problem
2024-06-04 15:05:06 - urllib3.connectionpool - DEBUG - Starting new HTTPS connection (1): 1c8cd0ab-1058-4932-9a7e-e7c73ea9cc4d-00-h7zud3vznxpb.kirk.replit.dev:443
2024-06-04 15:05:06 - urllib3.connectionpool - DEBUG - https://1c8cd0ab-1058-4932-9a7e-e7c73ea9cc4d-00-h7zud3vznxpb.kirk.replit.dev:443 "GET /10/0/20 HTTP/1.1" 200 268
2024-06-04 15:05:17 - root - INFO - Initializing PrimeClassifier problem
2024-06-04 15:05:17 - urllib3.connectionpool - DEBUG - Starting new HTTPS connection (1): 1c8cd0ab-1058-4932-9a7e-e7c73ea9cc4d-00-h7zud3vznxpb.kirk.replit.dev:443
2024-06-04 15:05:17 - urllib3.connectionpool - DEBUG - https://1c8cd0ab-1058-4932-9a7e-e7c73ea9cc4d-00-h7zud3vznxpb.kirk.replit.dev:443 "GET /20/0/50 HTTP/1.1" 200 328
2024-06-04 15:05:45 - root - INFO - Shutdown problemSolver
2024-06-04 15:10:22 - root - INFO - Initializing PrimeClassifier problem
2024-06-04 15:10:22 - urllib3.connectionpool - DEBUG - Starting new HTTPS connection (1): 1c8cd0ab-1058-4932-9a7e-e7c73ea9cc4d-00-h7zud3vznxpb.kirk.replit.dev:443
2024-06-04 15:10:22 - urllib3.connectionpool - DEBUG - https://1c8cd0ab-1058-4932-9a7e-e7c73ea9cc4d-00-h7zud3vznxpb.kirk.replit.dev:443 "GET /20/0/50 HTTP/1.1" 200 352
2024-06-04 15:10:49 - root - INFO - Shutdown problemSolver
2024-06-04 15:17:38 - root - INFO - Initializing PrimeClassifier problem
2024-06-04 15:17:38 - urllib3.connectionpool - DEBUG - Starting new HTTPS connection (1): 1c8cd0ab-1058-4932-9a7e-e7c73ea9cc4d-00-h7zud3vznxpb.kirk.replit.dev:443
2024-06-04 15:17:39 - urllib3.connectionpool - DEBUG - https://1c8cd0ab-1058-4932-9a7e-e7c73ea9cc4d-00-h7zud3vznxpb.kirk.replit.dev:443 "GET /20/0/50 HTTP/1.1" 200 328
2024-06-04 15:18:02 - root - INFO - Initializing PrimeClassifier problem
2024-06-04 15:18:02 - urllib3.connectionpool - DEBUG - Starting new HTTPS connection (1): 1c8cd0ab-1058-4932-9a7e-e7c73ea9cc4d-00-h7zud3vznxpb.kirk.replit.dev:443
2024-06-04 15:18:02 - urllib3.connectionpool - DEBUG - https://1c8cd0ab-1058-4932-9a7e-e7c73ea9cc4d-00-h7zud3vznxpb.kirk.replit.dev:443 "GET /20/0/50 HTTP/1.1" 200 352
2024-06-04 15:19:41 - root - INFO - Initializing PrimeClassifier problem
2024-06-04 15:19:41 - urllib3.connectionpool - DEBUG - Starting new HTTPS connection (1): 1c8cd0ab-1058-4932-9a7e-e7c73ea9cc4d-00-h7zud3vznxpb.kirk.replit.dev:443
2024-06-04 15:19:42 - urllib3.connectionpool - DEBUG - https://1c8cd0ab-1058-4932-9a7e-e7c73ea9cc4d-00-h7zud3vznxpb.kirk.replit.dev:443 "GET /20/0/50 HTTP/1.1" 200 328
2024-06-04 15:20:04 - root - INFO - Shutdown problemSolver
2024-06-04 15:20:08 - root - ERROR - [Errno 48] Address already in use - can't run Problem Solver
2024-06-04 15:20:59 - root - INFO - Shutdown problemSolver
2024-06-04 15:21:21 - root - ERROR - [Errno 48] Address already in use - can't run Problem Solver
2024-06-04 15:22:33 - root - INFO - Initializing PrimeClassifier problem
2024-06-04 15:22:33 - urllib3.connectionpool - DEBUG - Starting new HTTPS connection (1): 1c8cd0ab-1058-4932-9a7e-e7c73ea9cc4d-00-h7zud3vznxpb.kirk.replit.dev:443
2024-06-04 15:22:33 - urllib3.connectionpool - DEBUG - https://1c8cd0ab-1058-4932-9a7e-e7c73ea9cc4d-00-h7zud3vznxpb.kirk.replit.dev:443 "GET /20/0/50 HTTP/1.1" 200 328
2024-06-04 15:51:05 - root - INFO - Initializing PrimeClassifier problem
2024-06-04 15:51:05 - urllib3.connectionpool - DEBUG - Starting new HTTPS connection (1): 1c8cd0ab-1058-4932-9a7e-e7c73ea9cc4d-00-h7zud3vznxpb.kirk.replit.dev:443
2024-06-04 15:51:05 - urllib3.connectionpool - DEBUG - https://1c8cd0ab-1058-4932-9a7e-e7c73ea9cc4d-00-h7zud3vznxpb.kirk.replit.dev:443 "GET /20/0/50 HTTP/1.1" 200 328
2024-06-04 15:52:13 - root - INFO - Initializing FizzBuzz problem
2024-06-04 15:52:13 - urllib3.connectionpool - DEBUG - Starting new HTTPS connection (1): 1c8cd0ab-1058-4932-9a7e-e7c73ea9cc4d-00-h7zud3vznxpb.kirk.replit.dev:443
2024-06-04 15:52:13 - urllib3.connectionpool - DEBUG - https://1c8cd0ab-1058-4932-9a7e-e7c73ea9cc4d-00-h7zud3vznxpb.kirk.replit.dev:443 "GET /5/0/50 HTTP/1.1" 200 240
2024-06-04 15:52:27 - root - ERROR - [Errno 48] Address already in use - can't run Problem Solver
2024-06-04 15:53:40 - root - INFO - Initializing FizzBuzz problem
2024-06-04 15:53:40 - urllib3.connectionpool - DEBUG - Starting new HTTPS connection (1): 1c8cd0ab-1058-4932-9a7e-e7c73ea9cc4d-00-h7zud3vznxpb.kirk.replit.dev:443
2024-06-04 15:53:41 - urllib3.connectionpool - DEBUG - https://1c8cd0ab-1058-4932-9a7e-e7c73ea9cc4d-00-h7zud3vznxpb.kirk.replit.dev:443 "POST /generateData HTTP/1.1" 500 265
2024-06-04 15:55:49 - root - INFO - Initializing FizzBuzz problem
2024-06-04 15:55:49 - urllib3.connectionpool - DEBUG - Starting new HTTPS connection (1): 1c8cd0ab-1058-4932-9a7e-e7c73ea9cc4d-00-h7zud3vznxpb.kirk.replit.dev:443
2024-06-04 15:55:50 - urllib3.connectionpool - DEBUG - https://1c8cd0ab-1058-4932-9a7e-e7c73ea9cc4d-00-h7zud3vznxpb.kirk.replit.dev:443 "POST /generateData HTTP/1.1" 415 215
2024-06-04 15:56:44 - root - INFO - Initializing FizzBuzz problem
2024-06-04 15:56:44 - urllib3.connectionpool - DEBUG - Starting new HTTPS connection (1): 1c8cd0ab-1058-4932-9a7e-e7c73ea9cc4d-00-h7zud3vznxpb.kirk.replit.dev:443
2024-06-04 15:56:45 - urllib3.connectionpool - DEBUG - https://1c8cd0ab-1058-4932-9a7e-e7c73ea9cc4d-00-h7zud3vznxpb.kirk.replit.dev:443 "POST /generateData HTTP/1.1" 415 215
2024-06-04 15:57:56 - root - INFO - Initializing FizzBuzz problem
2024-06-04 15:57:56 - urllib3.connectionpool - DEBUG - Starting new HTTPS connection (1): 1c8cd0ab-1058-4932-9a7e-e7c73ea9cc4d-00-h7zud3vznxpb.kirk.replit.dev:443
2024-06-04 15:57:56 - urllib3.connectionpool - DEBUG - https://1c8cd0ab-1058-4932-9a7e-e7c73ea9cc4d-00-h7zud3vznxpb.kirk.replit.dev:443 "POST /generateData HTTP/1.1" 415 215
2024-06-04 15:58:48 - root - INFO - Initializing FizzBuzz problem
2024-06-04 15:58:48 - urllib3.connectionpool - DEBUG - Starting new HTTPS connection (1): 1c8cd0ab-1058-4932-9a7e-e7c73ea9cc4d-00-h7zud3vznxpb.kirk.replit.dev:443
2024-06-04 15:58:48 - urllib3.connectionpool - DEBUG - https://1c8cd0ab-1058-4932-9a7e-e7c73ea9cc4d-00-h7zud3vznxpb.kirk.replit.dev:443 "POST /generateData HTTP/1.1" 200 240
2024-06-04 15:59:14 - root - INFO - Initializing FizzBuzz problem
2024-06-04 15:59:14 - urllib3.connectionpool - DEBUG - Starting new HTTPS connection (1): 1c8cd0ab-1058-4932-9a7e-e7c73ea9cc4d-00-h7zud3vznxpb.kirk.replit.dev:443
2024-06-04 15:59:15 - urllib3.connectionpool - DEBUG - https://1c8cd0ab-1058-4932-9a7e-e7c73ea9cc4d-00-h7zud3vznxpb.kirk.replit.dev:443 "POST /generateData HTTP/1.1" 200 268
2024-06-04 15:59:34 - root - INFO - Shutdown problemSolver
2024-06-04 17:18:11 - root - INFO - Initializing FizzBuzz problem
2024-06-04 17:18:11 - urllib3.connectionpool - DEBUG - Starting new HTTPS connection (1): 1c8cd0ab-1058-4932-9a7e-e7c73ea9cc4d-00-h7zud3vznxpb.kirk.replit.dev:443
2024-06-04 17:18:11 - urllib3.connectionpool - DEBUG - https://1c8cd0ab-1058-4932-9a7e-e7c73ea9cc4d-00-h7zud3vznxpb.kirk.replit.dev:443 "POST /generateData HTTP/1.1" 500 265
2024-06-04 17:22:38 - root - INFO - Initializing FizzBuzz problem
2024-06-04 17:22:38 - urllib3.connectionpool - DEBUG - Starting new HTTPS connection (1): 1c8cd0ab-1058-4932-9a7e-e7c73ea9cc4d-00-h7zud3vznxpb.kirk.replit.dev:443
2024-06-04 17:22:39 - urllib3.connectionpool - DEBUG - https://1c8cd0ab-1058-4932-9a7e-e7c73ea9cc4d-00-h7zud3vznxpb.kirk.replit.dev:443 "POST /generateData HTTP/1.1" 500 265
2024-06-04 17:24:29 - root - INFO - Initializing FizzBuzz problem
2024-06-04 17:24:29 - urllib3.connectionpool - DEBUG - Starting new HTTPS connection (1): 1c8cd0ab-1058-4932-9a7e-e7c73ea9cc4d-00-h7zud3vznxpb.kirk.replit.dev:443
2024-06-04 17:24:29 - urllib3.connectionpool - DEBUG - https://1c8cd0ab-1058-4932-9a7e-e7c73ea9cc4d-00-h7zud3vznxpb.kirk.replit.dev:443 "POST /generateData HTTP/1.1" 500 265
2024-06-04 17:26:19 - root - INFO - Initializing FizzBuzz problem
2024-06-04 17:26:19 - urllib3.connectionpool - DEBUG - Starting new HTTPS connection (1): 1c8cd0ab-1058-4932-9a7e-e7c73ea9cc4d-00-h7zud3vznxpb.kirk.replit.dev:443
2024-06-04 17:26:20 - urllib3.connectionpool - DEBUG - https://1c8cd0ab-1058-4932-9a7e-e7c73ea9cc4d-00-h7zud3vznxpb.kirk.replit.dev:443 "POST /generateData HTTP/1.1" 200 268
2024-06-04 17:27:12 - root - INFO - Shutdown problemSolver
2024-06-04 17:35:32 - root - INFO - Initializing FizzBuzz problem
2024-06-04 17:35:32 - urllib3.connectionpool - DEBUG - Starting new HTTPS connection (1): 1c8cd0ab-1058-4932-9a7e-e7c73ea9cc4d-00-h7zud3vznxpb.kirk.replit.dev:443
2024-06-04 17:35:33 - urllib3.connectionpool - DEBUG - https://1c8cd0ab-1058-4932-9a7e-e7c73ea9cc4d-00-h7zud3vznxpb.kirk.replit.dev:443 "POST /generateData HTTP/1.1" 500 265
2024-06-04 17:39:14 - root - INFO - Initializing FizzBuzz problem
2024-06-04 17:39:14 - urllib3.connectionpool - DEBUG - Starting new HTTPS connection (1): 1c8cd0ab-1058-4932-9a7e-e7c73ea9cc4d-00-h7zud3vznxpb.kirk.replit.dev:443
2024-06-04 17:39:14 - urllib3.connectionpool - DEBUG - https://1c8cd0ab-1058-4932-9a7e-e7c73ea9cc4d-00-h7zud3vznxpb.kirk.replit.dev:443 "POST /generateData HTTP/1.1" 500 265
2024-06-04 17:40:24 - root - INFO - Initializing FizzBuzz problem
2024-06-04 17:40:24 - urllib3.connectionpool - DEBUG - Starting new HTTPS connection (1): 1c8cd0ab-1058-4932-9a7e-e7c73ea9cc4d-00-h7zud3vznxpb.kirk.replit.dev:443
2024-06-04 17:40:24 - urllib3.connectionpool - DEBUG - https://1c8cd0ab-1058-4932-9a7e-e7c73ea9cc4d-00-h7zud3vznxpb.kirk.replit.dev:443 "POST /generateData HTTP/1.1" 500 265
2024-06-04 17:40:38 - root - ERROR - [Errno 48] Address already in use - can't run Problem Solver
2024-06-04 17:43:31 - root - INFO - Initializing FizzBuzz problem
2024-06-04 17:43:31 - urllib3.connectionpool - DEBUG - Starting new HTTPS connection (1): 1c8cd0ab-1058-4932-9a7e-e7c73ea9cc4d-00-h7zud3vznxpb.kirk.replit.dev:443
2024-06-04 17:43:32 - urllib3.connectionpool - DEBUG - https://1c8cd0ab-1058-4932-9a7e-e7c73ea9cc4d-00-h7zud3vznxpb.kirk.replit.dev:443 "POST /generateData HTTP/1.1" 500 265
2024-06-04 17:43:32 - root - ERROR - Expecting value: line 1 column 1 (char 0) -  Unexpected Response
2024-06-04 17:48:03 - root - INFO - Initializing FizzBuzz problem
2024-06-04 17:48:03 - urllib3.connectionpool - DEBUG - Starting new HTTPS connection (1): 1c8cd0ab-1058-4932-9a7e-e7c73ea9cc4d-00-h7zud3vznxpb.kirk.replit.dev:443
2024-06-04 17:48:04 - urllib3.connectionpool - DEBUG - https://1c8cd0ab-1058-4932-9a7e-e7c73ea9cc4d-00-h7zud3vznxpb.kirk.replit.dev:443 "POST /generateData HTTP/1.1" 200 268
2024-06-04 17:54:12 - root - INFO - Initializing FizzBuzz problem
2024-06-04 17:54:12 - urllib3.connectionpool - DEBUG - Starting new HTTPS connection (1): 1c8cd0ab-1058-4932-9a7e-e7c73ea9cc4d-00-h7zud3vznxpb.kirk.replit.dev:443
2024-06-04 17:54:13 - urllib3.connectionpool - DEBUG - https://1c8cd0ab-1058-4932-9a7e-e7c73ea9cc4d-00-h7zud3vznxpb.kirk.replit.dev:443 "POST /generateData HTTP/1.1" 200 268
2024-06-04 17:55:10 - root - INFO - Shutdown problemSolver
2024-06-04 18:01:39 - root - INFO - Initializing FizzBuzz problem
2024-06-04 18:01:39 - urllib3.connectionpool - DEBUG - Starting new HTTPS connection (1): 1c8cd0ab-1058-4932-9a7e-e7c73ea9cc4d-00-h7zud3vznxpb.kirk.replit.dev:443
2024-06-04 18:01:40 - urllib3.connectionpool - DEBUG - https://1c8cd0ab-1058-4932-9a7e-e7c73ea9cc4d-00-h7zud3vznxpb.kirk.replit.dev:443 "POST /generateData HTTP/1.1" 200 328
2024-06-04 18:02:05 - root - INFO - Initializing FibonacciVerifier problem
2024-06-04 18:02:05 - urllib3.connectionpool - DEBUG - Starting new HTTPS connection (1): 1c8cd0ab-1058-4932-9a7e-e7c73ea9cc4d-00-h7zud3vznxpb.kirk.replit.dev:443
2024-06-04 18:02:06 - urllib3.connectionpool - DEBUG - https://1c8cd0ab-1058-4932-9a7e-e7c73ea9cc4d-00-h7zud3vznxpb.kirk.replit.dev:443 "POST /generateData HTTP/1.1" 200 328
2024-06-04 18:02:19 - root - INFO - Shutdown problemSolver
2024-06-04 18:17:56 - urllib3.connectionpool - DEBUG - Starting new HTTPS connection (1): 1c8cd0ab-1058-4932-9a7e-e7c73ea9cc4d-00-h7zud3vznxpb.kirk.replit.dev:443
2024-06-04 18:17:57 - urllib3.connectionpool - DEBUG - https://1c8cd0ab-1058-4932-9a7e-e7c73ea9cc4d-00-h7zud3vznxpb.kirk.replit.dev:443 "GET /shutdown HTTP/1.1" 200 27
2024-06-04 18:17:57 - root - INFO - Shutdown problemSolver
2024-06-04 20:25:36 - root - INFO - Initializing FibonacciVerifier problem
2024-06-04 20:25:36 - urllib3.connectionpool - DEBUG - Starting new HTTPS connection (1): 1c8cd0ab-1058-4932-9a7e-e7c73ea9cc4d-00-h7zud3vznxpb.kirk.replit.dev:443
2024-06-04 20:25:36 - urllib3.connectionpool - DEBUG - https://1c8cd0ab-1058-4932-9a7e-e7c73ea9cc4d-00-h7zud3vznxpb.kirk.replit.dev:443 "POST /generateData HTTP/1.1" 500 265
2024-06-04 20:25:36 - root - ERROR - Expecting value: line 1 column 1 (char 0) -  Unexpected Response From DataServer
2024-06-04 20:27:20 - root - INFO - Initializing FibonacciVerifier problem
2024-06-04 20:27:20 - urllib3.connectionpool - DEBUG - Starting new HTTPS connection (1): 1c8cd0ab-1058-4932-9a7e-e7c73ea9cc4d-00-h7zud3vznxpb.kirk.replit.dev:443
2024-06-04 20:27:20 - urllib3.connectionpool - DEBUG - https://1c8cd0ab-1058-4932-9a7e-e7c73ea9cc4d-00-h7zud3vznxpb.kirk.replit.dev:443 "POST /generateData HTTP/1.1" 500 265
2024-06-04 20:27:20 - root - ERROR - Expecting value: line 1 column 1 (char 0) -  Unexpected Response From DataServer
2024-06-04 20:28:30 - root - INFO - Initializing FibonacciVerifier problem
2024-06-04 20:28:30 - urllib3.connectionpool - DEBUG - Starting new HTTPS connection (1): 1c8cd0ab-1058-4932-9a7e-e7c73ea9cc4d-00-h7zud3vznxpb.kirk.replit.dev:443
2024-06-04 20:28:31 - urllib3.connectionpool - DEBUG - https://1c8cd0ab-1058-4932-9a7e-e7c73ea9cc4d-00-h7zud3vznxpb.kirk.replit.dev:443 "POST /generateData HTTP/1.1" 200 240
2024-06-04 20:29:01 - root - INFO - Initializing FibonacciVerifier problem
2024-06-04 20:29:01 - urllib3.connectionpool - DEBUG - Starting new HTTPS connection (1): 1c8cd0ab-1058-4932-9a7e-e7c73ea9cc4d-00-h7zud3vznxpb.kirk.replit.dev:443
2024-06-04 20:29:01 - urllib3.connectionpool - DEBUG - https://1c8cd0ab-1058-4932-9a7e-e7c73ea9cc4d-00-h7zud3vznxpb.kirk.replit.dev:443 "POST /generateData HTTP/1.1" 200 240
2024-06-04 20:30:41 - root - INFO - Initializing FibonacciVerifier problem
2024-06-04 20:30:41 - urllib3.connectionpool - DEBUG - Starting new HTTPS connection (1): 1c8cd0ab-1058-4932-9a7e-e7c73ea9cc4d-00-h7zud3vznxpb.kirk.replit.dev:443
2024-06-04 20:30:42 - urllib3.connectionpool - DEBUG - https://1c8cd0ab-1058-4932-9a7e-e7c73ea9cc4d-00-h7zud3vznxpb.kirk.replit.dev:443 "POST /generateData HTTP/1.1" 200 240
2024-06-04 20:31:05 - root - INFO - Initializing FibonacciVerifier problem
2024-06-04 20:31:05 - urllib3.connectionpool - DEBUG - Starting new HTTPS connection (1): 1c8cd0ab-1058-4932-9a7e-e7c73ea9cc4d-00-h7zud3vznxpb.kirk.replit.dev:443
2024-06-04 20:31:06 - urllib3.connectionpool - DEBUG - https://1c8cd0ab-1058-4932-9a7e-e7c73ea9cc4d-00-h7zud3vznxpb.kirk.replit.dev:443 "POST /generateData HTTP/1.1" 200 352
2024-06-04 20:32:34 - root - INFO - Initializing FibonacciVerifier problem
2024-06-04 20:32:34 - urllib3.connectionpool - DEBUG - Starting new HTTPS connection (1): 1c8cd0ab-1058-4932-9a7e-e7c73ea9cc4d-00-h7zud3vznxpb.kirk.replit.dev:443
2024-06-04 20:32:35 - urllib3.connectionpool - DEBUG - https://1c8cd0ab-1058-4932-9a7e-e7c73ea9cc4d-00-h7zud3vznxpb.kirk.replit.dev:443 "POST /generateData HTTP/1.1" 200 352
2024-06-04 20:33:55 - root - INFO - Initializing FibonacciVerifier problem
2024-06-04 20:33:55 - urllib3.connectionpool - DEBUG - Starting new HTTPS connection (1): 1c8cd0ab-1058-4932-9a7e-e7c73ea9cc4d-00-h7zud3vznxpb.kirk.replit.dev:443
2024-06-04 20:33:56 - urllib3.connectionpool - DEBUG - https://1c8cd0ab-1058-4932-9a7e-e7c73ea9cc4d-00-h7zud3vznxpb.kirk.replit.dev:443 "POST /generateData HTTP/1.1" 200 328
2024-06-04 20:50:24 - root - INFO - Initializing FibonacciVerifier problem
2024-06-04 20:50:25 - urllib3.connectionpool - DEBUG - Starting new HTTPS connection (1): 1c8cd0ab-1058-4932-9a7e-e7c73ea9cc4d-00-h7zud3vznxpb.kirk.replit.dev:443
2024-06-04 20:50:25 - urllib3.connectionpool - DEBUG - https://1c8cd0ab-1058-4932-9a7e-e7c73ea9cc4d-00-h7zud3vznxpb.kirk.replit.dev:443 "POST /generateData HTTP/1.1" 500 265
2024-06-04 20:50:25 - root - ERROR - Expecting value: line 1 column 1 (char 0) -  Unexpected Response From DataServer
2024-06-04 20:52:11 - root - INFO - Initializing FibonacciVerifier problem
2024-06-04 20:52:11 - urllib3.connectionpool - DEBUG - Starting new HTTPS connection (1): 1c8cd0ab-1058-4932-9a7e-e7c73ea9cc4d-00-h7zud3vznxpb.kirk.replit.dev:443
2024-06-04 20:52:11 - urllib3.connectionpool - DEBUG - https://1c8cd0ab-1058-4932-9a7e-e7c73ea9cc4d-00-h7zud3vznxpb.kirk.replit.dev:443 "POST /generateData HTTP/1.1" 200 328
2024-06-04 20:52:34 - root - INFO - Initializing FibonacciVerifier problem
2024-06-04 20:52:34 - urllib3.connectionpool - DEBUG - Starting new HTTPS connection (1): 1c8cd0ab-1058-4932-9a7e-e7c73ea9cc4d-00-h7zud3vznxpb.kirk.replit.dev:443
2024-06-04 20:52:35 - urllib3.connectionpool - DEBUG - https://1c8cd0ab-1058-4932-9a7e-e7c73ea9cc4d-00-h7zud3vznxpb.kirk.replit.dev:443 "POST /generateData HTTP/1.1" 200 328
2024-06-04 20:52:40 - root - INFO - Initializing FibonacciVerifier problem
2024-06-04 20:52:40 - urllib3.connectionpool - DEBUG - Starting new HTTPS connection (1): 1c8cd0ab-1058-4932-9a7e-e7c73ea9cc4d-00-h7zud3vznxpb.kirk.replit.dev:443
2024-06-04 20:52:40 - urllib3.connectionpool - DEBUG - https://1c8cd0ab-1058-4932-9a7e-e7c73ea9cc4d-00-h7zud3vznxpb.kirk.replit.dev:443 "POST /generateData HTTP/1.1" 200 352
2024-06-04 20:53:06 - root - INFO - Initializing FibonacciVerifier problem
2024-06-04 20:53:06 - urllib3.connectionpool - DEBUG - Starting new HTTPS connection (1): 1c8cd0ab-1058-4932-9a7e-e7c73ea9cc4d-00-h7zud3vznxpb.kirk.replit.dev:443
2024-06-04 20:53:07 - urllib3.connectionpool - DEBUG - https://1c8cd0ab-1058-4932-9a7e-e7c73ea9cc4d-00-h7zud3vznxpb.kirk.replit.dev:443 "POST /generateData HTTP/1.1" 200 1036
2024-06-04 20:54:37 - root - INFO - Initializing FibonacciVerifier problem
2024-06-04 20:54:37 - urllib3.connectionpool - DEBUG - Starting new HTTPS connection (1): 1c8cd0ab-1058-4932-9a7e-e7c73ea9cc4d-00-h7zud3vznxpb.kirk.replit.dev:443
2024-06-04 20:54:37 - urllib3.connectionpool - DEBUG - https://1c8cd0ab-1058-4932-9a7e-e7c73ea9cc4d-00-h7zud3vznxpb.kirk.replit.dev:443 "POST /generateData HTTP/1.1" 200 1096
2024-06-04 20:54:42 - root - INFO - Initializing FibonacciVerifier problem
2024-06-04 20:54:42 - urllib3.connectionpool - DEBUG - Starting new HTTPS connection (1): 1c8cd0ab-1058-4932-9a7e-e7c73ea9cc4d-00-h7zud3vznxpb.kirk.replit.dev:443
2024-06-04 20:54:43 - urllib3.connectionpool - DEBUG - https://1c8cd0ab-1058-4932-9a7e-e7c73ea9cc4d-00-h7zud3vznxpb.kirk.replit.dev:443 "POST /generateData HTTP/1.1" 200 300
2024-06-04 20:54:53 - root - INFO - Initializing FibonacciVerifier problem
2024-06-04 20:54:53 - urllib3.connectionpool - DEBUG - Starting new HTTPS connection (1): 1c8cd0ab-1058-4932-9a7e-e7c73ea9cc4d-00-h7zud3vznxpb.kirk.replit.dev:443
2024-06-04 20:54:54 - urllib3.connectionpool - DEBUG - https://1c8cd0ab-1058-4932-9a7e-e7c73ea9cc4d-00-h7zud3vznxpb.kirk.replit.dev:443 "POST /generateData HTTP/1.1" 200 640
2024-06-04 20:57:21 - root - INFO - Initializing FibonacciVerifier problem
2024-06-04 20:57:21 - urllib3.connectionpool - DEBUG - Starting new HTTPS connection (1): 1c8cd0ab-1058-4932-9a7e-e7c73ea9cc4d-00-h7zud3vznxpb.kirk.replit.dev:443
2024-06-04 20:57:22 - urllib3.connectionpool - DEBUG - https://1c8cd0ab-1058-4932-9a7e-e7c73ea9cc4d-00-h7zud3vznxpb.kirk.replit.dev:443 "POST /generateData HTTP/1.1" 200 412
2024-06-04 20:57:30 - root - INFO - Initializing FibonacciVerifier problem
2024-06-04 20:57:30 - urllib3.connectionpool - DEBUG - Starting new HTTPS connection (1): 1c8cd0ab-1058-4932-9a7e-e7c73ea9cc4d-00-h7zud3vznxpb.kirk.replit.dev:443
2024-06-04 20:57:31 - urllib3.connectionpool - DEBUG - https://1c8cd0ab-1058-4932-9a7e-e7c73ea9cc4d-00-h7zud3vznxpb.kirk.replit.dev:443 "POST /generateData HTTP/1.1" 200 472
2024-06-04 20:57:38 - root - INFO - Initializing FibonacciVerifier problem
2024-06-04 20:57:38 - urllib3.connectionpool - DEBUG - Starting new HTTPS connection (1): 1c8cd0ab-1058-4932-9a7e-e7c73ea9cc4d-00-h7zud3vznxpb.kirk.replit.dev:443
2024-06-04 20:57:39 - urllib3.connectionpool - DEBUG - https://1c8cd0ab-1058-4932-9a7e-e7c73ea9cc4d-00-h7zud3vznxpb.kirk.replit.dev:443 "POST /generateData HTTP/1.1" 200 440
2024-06-04 20:57:46 - root - INFO - Initializing FibonacciVerifier problem
2024-06-04 20:57:46 - urllib3.connectionpool - DEBUG - Starting new HTTPS connection (1): 1c8cd0ab-1058-4932-9a7e-e7c73ea9cc4d-00-h7zud3vznxpb.kirk.replit.dev:443
2024-06-04 20:57:46 - urllib3.connectionpool - DEBUG - https://1c8cd0ab-1058-4932-9a7e-e7c73ea9cc4d-00-h7zud3vznxpb.kirk.replit.dev:443 "POST /generateData HTTP/1.1" 200 440
2024-06-04 20:57:52 - root - INFO - Initializing FibonacciVerifier problem
2024-06-04 20:57:52 - urllib3.connectionpool - DEBUG - Starting new HTTPS connection (1): 1c8cd0ab-1058-4932-9a7e-e7c73ea9cc4d-00-h7zud3vznxpb.kirk.replit.dev:443
2024-06-04 20:57:52 - urllib3.connectionpool - DEBUG - https://1c8cd0ab-1058-4932-9a7e-e7c73ea9cc4d-00-h7zud3vznxpb.kirk.replit.dev:443 "POST /generateData HTTP/1.1" 200 440
2024-06-04 20:57:57 - root - INFO - Initializing FibonacciVerifier problem
2024-06-04 20:57:57 - urllib3.connectionpool - DEBUG - Starting new HTTPS connection (1): 1c8cd0ab-1058-4932-9a7e-e7c73ea9cc4d-00-h7zud3vznxpb.kirk.replit.dev:443
2024-06-04 20:57:58 - urllib3.connectionpool - DEBUG - https://1c8cd0ab-1058-4932-9a7e-e7c73ea9cc4d-00-h7zud3vznxpb.kirk.replit.dev:443 "POST /generateData HTTP/1.1" 200 440
2024-06-04 20:59:42 - urllib3.connectionpool - DEBUG - Starting new HTTPS connection (1): 1c8cd0ab-1058-4932-9a7e-e7c73ea9cc4d-00-h7zud3vznxpb.kirk.replit.dev:443
2024-06-04 20:59:42 - urllib3.connectionpool - DEBUG - https://1c8cd0ab-1058-4932-9a7e-e7c73ea9cc4d-00-h7zud3vznxpb.kirk.replit.dev:443 "GET /shutdown HTTP/1.1" 200 27
2024-06-04 20:59:42 - root - INFO - Shutdown problemSolver
2024-06-04 20:59:56 - root - ERROR - [Errno 48] Address already in use - can't run Problem Solver
2024-06-04 21:00:34 - root - INFO - Initializing FibonacciVerifier problem
2024-06-04 21:00:34 - urllib3.connectionpool - DEBUG - Starting new HTTPS connection (1): 1c8cd0ab-1058-4932-9a7e-e7c73ea9cc4d-00-h7zud3vznxpb.kirk.replit.dev:443
2024-06-04 21:00:35 - urllib3.connectionpool - DEBUG - https://1c8cd0ab-1058-4932-9a7e-e7c73ea9cc4d-00-h7zud3vznxpb.kirk.replit.dev:443 "POST /generateData HTTP/1.1" 200 440
2024-06-04 21:03:46 - root - INFO - Initializing FibonacciVerifier problem
2024-06-04 21:03:46 - urllib3.connectionpool - DEBUG - Starting new HTTPS connection (1): 1c8cd0ab-1058-4932-9a7e-e7c73ea9cc4d-00-h7zud3vznxpb.kirk.replit.dev:443
2024-06-04 21:03:47 - urllib3.connectionpool - DEBUG - https://1c8cd0ab-1058-4932-9a7e-e7c73ea9cc4d-00-h7zud3vznxpb.kirk.replit.dev:443 "POST /generateData HTTP/1.1" 200 440
2024-06-04 21:04:01 - root - INFO - Initializing FibonacciVerifier problem
2024-06-04 21:04:01 - urllib3.connectionpool - DEBUG - Starting new HTTPS connection (1): 1c8cd0ab-1058-4932-9a7e-e7c73ea9cc4d-00-h7zud3vznxpb.kirk.replit.dev:443
2024-06-04 21:04:02 - urllib3.connectionpool - DEBUG - https://1c8cd0ab-1058-4932-9a7e-e7c73ea9cc4d-00-h7zud3vznxpb.kirk.replit.dev:443 "POST /generateData HTTP/1.1" 200 472
2024-06-04 21:14:38 - root - INFO - Initializing FibonacciVerifier problem
2024-06-04 21:14:38 - urllib3.connectionpool - DEBUG - Starting new HTTPS connection (1): 1c8cd0ab-1058-4932-9a7e-e7c73ea9cc4d-00-h7zud3vznxpb.kirk.replit.dev:443
2024-06-04 21:14:39 - urllib3.connectionpool - DEBUG - https://1c8cd0ab-1058-4932-9a7e-e7c73ea9cc4d-00-h7zud3vznxpb.kirk.replit.dev:443 "POST /generateData HTTP/1.1" 200 440
2024-06-04 21:15:07 - root - INFO - Initializing FibonacciVerifier problem
2024-06-04 21:15:07 - urllib3.connectionpool - DEBUG - Starting new HTTPS connection (1): 1c8cd0ab-1058-4932-9a7e-e7c73ea9cc4d-00-h7zud3vznxpb.kirk.replit.dev:443
2024-06-04 21:15:08 - urllib3.connectionpool - DEBUG - https://1c8cd0ab-1058-4932-9a7e-e7c73ea9cc4d-00-h7zud3vznxpb.kirk.replit.dev:443 "POST /generateData HTTP/1.1" 200 472
2024-06-04 21:47:58 - root - INFO - Initializing FibonacciVerifier problem
2024-06-04 21:47:58 - urllib3.connectionpool - DEBUG - Starting new HTTPS connection (1): 1c8cd0ab-1058-4932-9a7e-e7c73ea9cc4d-00-h7zud3vznxpb.kirk.replit.dev:443
2024-06-04 21:47:58 - urllib3.connectionpool - DEBUG - https://1c8cd0ab-1058-4932-9a7e-e7c73ea9cc4d-00-h7zud3vznxpb.kirk.replit.dev:443 "POST /generateData HTTP/1.1" 200 1096
2024-06-04 21:48:20 - root - INFO - Initializing FizzBuzz problem
2024-06-04 21:48:20 - urllib3.connectionpool - DEBUG - Starting new HTTPS connection (1): 1c8cd0ab-1058-4932-9a7e-e7c73ea9cc4d-00-h7zud3vznxpb.kirk.replit.dev:443
2024-06-04 21:48:20 - urllib3.connectionpool - DEBUG - https://1c8cd0ab-1058-4932-9a7e-e7c73ea9cc4d-00-h7zud3vznxpb.kirk.replit.dev:443 "POST /generateData HTTP/1.1" 200 9088
2024-06-04 21:48:29 - root - INFO - Initializing FizzBuzz problem
2024-06-04 21:48:29 - urllib3.connectionpool - DEBUG - Starting new HTTPS connection (1): 1c8cd0ab-1058-4932-9a7e-e7c73ea9cc4d-00-h7zud3vznxpb.kirk.replit.dev:443
2024-06-04 21:48:30 - urllib3.connectionpool - DEBUG - https://1c8cd0ab-1058-4932-9a7e-e7c73ea9cc4d-00-h7zud3vznxpb.kirk.replit.dev:443 "POST /generateData HTTP/1.1" 200 8520
2024-06-04 21:49:19 - urllib3.connectionpool - DEBUG - Starting new HTTPS connection (1): 1c8cd0ab-1058-4932-9a7e-e7c73ea9cc4d-00-h7zud3vznxpb.kirk.replit.dev:443
2024-06-04 21:49:19 - urllib3.connectionpool - DEBUG - https://1c8cd0ab-1058-4932-9a7e-e7c73ea9cc4d-00-h7zud3vznxpb.kirk.replit.dev:443 "GET /shutdown HTTP/1.1" 200 27
2024-06-04 21:49:19 - root - INFO - Shutdown problemSolver
2024-06-05 17:43:03 - root - INFO - Initializing FizzBuzz problem
2024-06-05 17:43:03 - urllib3.connectionpool - DEBUG - Starting new HTTPS connection (1): 1c8cd0ab-1058-4932-9a7e-e7c73ea9cc4d-00-h7zud3vznxpb.kirk.replit.dev:443
2024-06-05 17:43:04 - urllib3.connectionpool - DEBUG - https://1c8cd0ab-1058-4932-9a7e-e7c73ea9cc4d-00-h7zud3vznxpb.kirk.replit.dev:443 "POST /generateData HTTP/1.1" 200 1096
2024-06-05 17:44:32 - urllib3.connectionpool - DEBUG - Starting new HTTPS connection (1): 1c8cd0ab-1058-4932-9a7e-e7c73ea9cc4d-00-h7zud3vznxpb.kirk.replit.dev:443
2024-06-05 17:44:32 - urllib3.connectionpool - DEBUG - https://1c8cd0ab-1058-4932-9a7e-e7c73ea9cc4d-00-h7zud3vznxpb.kirk.replit.dev:443 "GET /shutdown HTTP/1.1" 200 27
2024-06-05 17:44:32 - root - INFO - Shutdown problemSolver
2024-06-05 17:47:39 - root - INFO - Initializing FizzBuzz problem
2024-06-05 17:47:39 - urllib3.connectionpool - DEBUG - Starting new HTTPS connection (1): 1c8cd0ab-1058-4932-9a7e-e7c73ea9cc4d-00-h7zud3vznxpb.kirk.replit.dev:443
2024-06-05 17:47:40 - urllib3.connectionpool - DEBUG - https://1c8cd0ab-1058-4932-9a7e-e7c73ea9cc4d-00-h7zud3vznxpb.kirk.replit.dev:443 "POST /generateData HTTP/1.1" 200 300
2024-06-05 17:48:27 - urllib3.connectionpool - DEBUG - Starting new HTTPS connection (1): 1c8cd0ab-1058-4932-9a7e-e7c73ea9cc4d-00-h7zud3vznxpb.kirk.replit.dev:443
2024-06-05 17:48:27 - urllib3.connectionpool - DEBUG - https://1c8cd0ab-1058-4932-9a7e-e7c73ea9cc4d-00-h7zud3vznxpb.kirk.replit.dev:443 "GET /shutdown HTTP/1.1" 200 27
2024-06-05 17:48:27 - root - INFO - Shutdown problemSolver
2024-06-05 17:49:36 - root - INFO - Initializing FizzBuzz problem
2024-06-05 17:49:36 - urllib3.connectionpool - DEBUG - Starting new HTTPS connection (1): 1c8cd0ab-1058-4932-9a7e-e7c73ea9cc4d-00-h7zud3vznxpb.kirk.replit.dev:443
2024-06-05 17:49:36 - urllib3.connectionpool - DEBUG - https://1c8cd0ab-1058-4932-9a7e-e7c73ea9cc4d-00-h7zud3vznxpb.kirk.replit.dev:443 "POST /generateData HTTP/1.1" 200 300
2024-06-05 17:59:09 - root - INFO - Initializing FizzBuzz problem
2024-06-05 17:59:09 - urllib3.connectionpool - DEBUG - Starting new HTTPS connection (1): 1c8cd0ab-1058-4932-9a7e-e7c73ea9cc4d-00-h7zud3vznxpb.kirk.replit.dev:443
2024-06-05 17:59:09 - urllib3.connectionpool - DEBUG - https://1c8cd0ab-1058-4932-9a7e-e7c73ea9cc4d-00-h7zud3vznxpb.kirk.replit.dev:443 "POST /generateData HTTP/1.1" 200 268
2024-06-05 18:01:05 - root - INFO - Initializing FizzBuzz problem
2024-06-05 18:01:05 - urllib3.connectionpool - DEBUG - Starting new HTTPS connection (1): 1c8cd0ab-1058-4932-9a7e-e7c73ea9cc4d-00-h7zud3vznxpb.kirk.replit.dev:443
2024-06-05 18:01:06 - urllib3.connectionpool - DEBUG - https://1c8cd0ab-1058-4932-9a7e-e7c73ea9cc4d-00-h7zud3vznxpb.kirk.replit.dev:443 "POST /generateData HTTP/1.1" 200 268
2024-06-05 18:01:15 - urllib3.connectionpool - DEBUG - Starting new HTTPS connection (1): 1c8cd0ab-1058-4932-9a7e-e7c73ea9cc4d-00-h7zud3vznxpb.kirk.replit.dev:443
2024-06-05 18:01:16 - urllib3.connectionpool - DEBUG - https://1c8cd0ab-1058-4932-9a7e-e7c73ea9cc4d-00-h7zud3vznxpb.kirk.replit.dev:443 "GET /shutdown HTTP/1.1" 200 27
2024-06-05 18:01:16 - root - INFO - Shutdown problemSolver
2024-06-05 18:04:53 - root - INFO - Initializing FizzBuzz problem
2024-06-05 18:04:53 - urllib3.connectionpool - DEBUG - Starting new HTTPS connection (1): 1c8cd0ab-1058-4932-9a7e-e7c73ea9cc4d-00-h7zud3vznxpb.kirk.replit.dev:443
2024-06-05 18:04:54 - urllib3.connectionpool - DEBUG - https://1c8cd0ab-1058-4932-9a7e-e7c73ea9cc4d-00-h7zud3vznxpb.kirk.replit.dev:443 "POST /generateData HTTP/1.1" 200 268
2024-06-05 18:05:14 - urllib3.connectionpool - DEBUG - Starting new HTTPS connection (1): 1c8cd0ab-1058-4932-9a7e-e7c73ea9cc4d-00-h7zud3vznxpb.kirk.replit.dev:443
2024-06-05 18:05:14 - urllib3.connectionpool - DEBUG - https://1c8cd0ab-1058-4932-9a7e-e7c73ea9cc4d-00-h7zud3vznxpb.kirk.replit.dev:443 "GET /shutdown HTTP/1.1" 200 27
2024-06-05 18:05:14 - root - INFO - Shutdown problemSolver
2024-06-05 18:07:29 - urllib3.connectionpool - DEBUG - Starting new HTTPS connection (1): 1c8cd0ab-1058-4932-9a7e-e7c73ea9cc4d-00-h7zud3vznxpb.kirk.replit.dev:443
2024-06-05 18:07:30 - urllib3.connectionpool - DEBUG - https://1c8cd0ab-1058-4932-9a7e-e7c73ea9cc4d-00-h7zud3vznxpb.kirk.replit.dev:443 "GET /shutdown HTTP/1.1" 200 27
2024-06-05 18:07:30 - root - INFO - Shutdown problemSolver
2024-06-05 18:11:10 - root - INFO - Initializing FizzBuzz problem
2024-06-05 18:11:10 - urllib3.connectionpool - DEBUG - Starting new HTTPS connection (1): 1c8cd0ab-1058-4932-9a7e-e7c73ea9cc4d-00-h7zud3vznxpb.kirk.replit.dev:443
2024-06-05 18:11:10 - urllib3.connectionpool - DEBUG - https://1c8cd0ab-1058-4932-9a7e-e7c73ea9cc4d-00-h7zud3vznxpb.kirk.replit.dev:443 "POST /generateData HTTP/1.1" 200 268
2024-06-05 18:11:39 - root - INFO - Initializing FizzBuzz problem
2024-06-05 18:11:39 - urllib3.connectionpool - DEBUG - Starting new HTTPS connection (1): 1c8cd0ab-1058-4932-9a7e-e7c73ea9cc4d-00-h7zud3vznxpb.kirk.replit.dev:443
2024-06-05 18:11:39 - urllib3.connectionpool - DEBUG - https://1c8cd0ab-1058-4932-9a7e-e7c73ea9cc4d-00-h7zud3vznxpb.kirk.replit.dev:443 "POST /generateData HTTP/1.1" 200 268
2024-06-05 18:12:59 - root - INFO - Initializing FizzBuzz problem
2024-06-05 18:12:59 - urllib3.connectionpool - DEBUG - Starting new HTTPS connection (1): 1c8cd0ab-1058-4932-9a7e-e7c73ea9cc4d-00-h7zud3vznxpb.kirk.replit.dev:443
2024-06-05 18:12:59 - urllib3.connectionpool - DEBUG - https://1c8cd0ab-1058-4932-9a7e-e7c73ea9cc4d-00-h7zud3vznxpb.kirk.replit.dev:443 "POST /generateData HTTP/1.1" 200 268
2024-06-05 18:13:15 - root - INFO - Initializing FizzBuzz problem
2024-06-05 18:13:15 - urllib3.connectionpool - DEBUG - Starting new HTTPS connection (1): 1c8cd0ab-1058-4932-9a7e-e7c73ea9cc4d-00-h7zud3vznxpb.kirk.replit.dev:443
2024-06-05 18:13:16 - urllib3.connectionpool - DEBUG - https://1c8cd0ab-1058-4932-9a7e-e7c73ea9cc4d-00-h7zud3vznxpb.kirk.replit.dev:443 "POST /generateData HTTP/1.1" 200 268
2024-06-05 18:13:41 - urllib3.connectionpool - DEBUG - Starting new HTTPS connection (1): 1c8cd0ab-1058-4932-9a7e-e7c73ea9cc4d-00-h7zud3vznxpb.kirk.replit.dev:443
2024-06-05 18:13:41 - urllib3.connectionpool - DEBUG - https://1c8cd0ab-1058-4932-9a7e-e7c73ea9cc4d-00-h7zud3vznxpb.kirk.replit.dev:443 "GET /shutdown HTTP/1.1" 200 27
2024-06-05 18:13:41 - root - INFO - Shutdown problemSolver
2024-06-05 18:27:51 - root - INFO - Initializing FizzBuzz problem
2024-06-05 18:27:52 - urllib3.connectionpool - DEBUG - Starting new HTTPS connection (1): 1c8cd0ab-1058-4932-9a7e-e7c73ea9cc4d-00-h7zud3vznxpb.kirk.replit.dev:443
2024-06-05 18:27:52 - urllib3.connectionpool - DEBUG - https://1c8cd0ab-1058-4932-9a7e-e7c73ea9cc4d-00-h7zud3vznxpb.kirk.replit.dev:443 "POST /generateData HTTP/1.1" 502 None
2024-06-05 18:27:52 - root - ERROR - Expecting value: line 1 column 1 (char 0) -  Unexpected Response From DataServer
2024-06-05 19:17:00 - root - INFO - Initializing FizzBuzz problem
2024-06-05 19:17:00 - urllib3.connectionpool - DEBUG - Starting new HTTPS connection (1): 1c8cd0ab-1058-4932-9a7e-e7c73ea9cc4d-00-h7zud3vznxpb.kirk.replit.dev:443
2024-06-05 19:17:01 - urllib3.connectionpool - DEBUG - https://1c8cd0ab-1058-4932-9a7e-e7c73ea9cc4d-00-h7zud3vznxpb.kirk.replit.dev:443 "POST /generateData HTTP/1.1" 200 240
2024-06-05 19:18:29 - root - INFO - Initializing FizzBuzz problem
2024-06-05 19:18:29 - urllib3.connectionpool - DEBUG - Starting new HTTPS connection (1): 1c8cd0ab-1058-4932-9a7e-e7c73ea9cc4d-00-h7zud3vznxpb.kirk.replit.dev:443
2024-06-05 19:18:29 - urllib3.connectionpool - DEBUG - https://1c8cd0ab-1058-4932-9a7e-e7c73ea9cc4d-00-h7zud3vznxpb.kirk.replit.dev:443 "POST /generateData HTTP/1.1" 200 240
2024-06-05 19:24:34 - root - INFO - Initializing FizzBuzz problem
2024-06-05 19:24:34 - urllib3.connectionpool - DEBUG - Starting new HTTPS connection (1): 1c8cd0ab-1058-4932-9a7e-e7c73ea9cc4d-00-h7zud3vznxpb.kirk.replit.dev:443
2024-06-05 19:24:34 - urllib3.connectionpool - DEBUG - https://1c8cd0ab-1058-4932-9a7e-e7c73ea9cc4d-00-h7zud3vznxpb.kirk.replit.dev:443 "POST /generateData HTTP/1.1" 200 300
2024-06-05 19:27:09 - root - INFO - Initializing FizzBuzz problem
2024-06-05 19:27:09 - urllib3.connectionpool - DEBUG - Starting new HTTPS connection (1): 1c8cd0ab-1058-4932-9a7e-e7c73ea9cc4d-00-h7zud3vznxpb.kirk.replit.dev:443
2024-06-05 19:27:09 - urllib3.connectionpool - DEBUG - https://1c8cd0ab-1058-4932-9a7e-e7c73ea9cc4d-00-h7zud3vznxpb.kirk.replit.dev:443 "POST /generateData HTTP/1.1" 200 300
2024-06-05 19:32:02 - root - INFO - Initializing FizzBuzz problem
2024-06-05 19:32:02 - urllib3.connectionpool - DEBUG - Starting new HTTPS connection (1): 1c8cd0ab-1058-4932-9a7e-e7c73ea9cc4d-00-h7zud3vznxpb.kirk.replit.dev:443
2024-06-05 19:32:03 - urllib3.connectionpool - DEBUG - https://1c8cd0ab-1058-4932-9a7e-e7c73ea9cc4d-00-h7zud3vznxpb.kirk.replit.dev:443 "POST /generateData HTTP/1.1" 200 300
2024-06-05 19:32:14 - root - INFO - Initializing FizzBuzz problem
2024-06-05 19:32:14 - urllib3.connectionpool - DEBUG - Starting new HTTPS connection (1): 1c8cd0ab-1058-4932-9a7e-e7c73ea9cc4d-00-h7zud3vznxpb.kirk.replit.dev:443
2024-06-05 19:32:15 - urllib3.connectionpool - DEBUG - https://1c8cd0ab-1058-4932-9a7e-e7c73ea9cc4d-00-h7zud3vznxpb.kirk.replit.dev:443 "POST /generateData HTTP/1.1" 200 300
2024-06-05 19:34:13 - urllib3.connectionpool - DEBUG - Starting new HTTPS connection (1): 1c8cd0ab-1058-4932-9a7e-e7c73ea9cc4d-00-h7zud3vznxpb.kirk.replit.dev:443
2024-06-05 19:34:13 - urllib3.connectionpool - DEBUG - https://1c8cd0ab-1058-4932-9a7e-e7c73ea9cc4d-00-h7zud3vznxpb.kirk.replit.dev:443 "GET /shutdown HTTP/1.1" 200 27
2024-06-05 19:34:14 - root - INFO - Shutdown problemSolver
2024-06-05 19:35:24 - root - INFO - Initializing FizzBuzz problem
2024-06-05 19:35:24 - urllib3.connectionpool - DEBUG - Starting new HTTPS connection (1): 1c8cd0ab-1058-4932-9a7e-e7c73ea9cc4d-00-h7zud3vznxpb.kirk.replit.dev:443
2024-06-05 19:35:24 - urllib3.connectionpool - DEBUG - https://1c8cd0ab-1058-4932-9a7e-e7c73ea9cc4d-00-h7zud3vznxpb.kirk.replit.dev:443 "POST /generateData HTTP/1.1" 200 300
2024-06-05 19:39:36 - root - INFO - Initializing FizzBuzz problem
2024-06-05 19:39:36 - urllib3.connectionpool - DEBUG - Starting new HTTPS connection (1): 1c8cd0ab-1058-4932-9a7e-e7c73ea9cc4d-00-h7zud3vznxpb.kirk.replit.dev:443
2024-06-05 19:39:37 - urllib3.connectionpool - DEBUG - https://1c8cd0ab-1058-4932-9a7e-e7c73ea9cc4d-00-h7zud3vznxpb.kirk.replit.dev:443 "POST /generateData HTTP/1.1" 200 300
2024-06-05 19:41:44 - root - INFO - Initializing FizzBuzz problem
2024-06-05 19:41:44 - urllib3.connectionpool - DEBUG - Starting new HTTPS connection (1): 1c8cd0ab-1058-4932-9a7e-e7c73ea9cc4d-00-h7zud3vznxpb.kirk.replit.dev:443
2024-06-05 19:41:45 - urllib3.connectionpool - DEBUG - https://1c8cd0ab-1058-4932-9a7e-e7c73ea9cc4d-00-h7zud3vznxpb.kirk.replit.dev:443 "POST /generateData HTTP/1.1" 200 300
2024-06-05 19:46:54 - urllib3.connectionpool - DEBUG - Starting new HTTPS connection (1): 1c8cd0ab-1058-4932-9a7e-e7c73ea9cc4d-00-h7zud3vznxpb.kirk.replit.dev:443
2024-06-05 19:46:54 - urllib3.connectionpool - DEBUG - https://1c8cd0ab-1058-4932-9a7e-e7c73ea9cc4d-00-h7zud3vznxpb.kirk.replit.dev:443 "GET /shutdown HTTP/1.1" 200 27
2024-06-05 19:46:54 - root - INFO - Shutdown problemSolver
2024-06-05 23:12:04 - root - INFO - Initializing FizzBuzz problem
2024-06-05 23:12:04 - urllib3.connectionpool - DEBUG - Starting new HTTPS connection (1): 1c8cd0ab-1058-4932-9a7e-e7c73ea9cc4d-00-h7zud3vznxpb.kirk.replit.dev:443
2024-06-05 23:12:05 - urllib3.connectionpool - DEBUG - https://1c8cd0ab-1058-4932-9a7e-e7c73ea9cc4d-00-h7zud3vznxpb.kirk.replit.dev:443 "POST /generateData HTTP/1.1" 200 300
2024-06-05 23:12:52 - root - INFO - Initializing FizzBuzz problem
2024-06-05 23:12:52 - urllib3.connectionpool - DEBUG - Starting new HTTPS connection (1): 1c8cd0ab-1058-4932-9a7e-e7c73ea9cc4d-00-h7zud3vznxpb.kirk.replit.dev:443
2024-06-05 23:12:53 - urllib3.connectionpool - DEBUG - https://1c8cd0ab-1058-4932-9a7e-e7c73ea9cc4d-00-h7zud3vznxpb.kirk.replit.dev:443 "POST /generateData HTTP/1.1" 200 300
2024-06-05 23:13:03 - root - INFO - Initializing FizzBuzz problem
2024-06-05 23:13:03 - urllib3.connectionpool - DEBUG - Starting new HTTPS connection (1): 1c8cd0ab-1058-4932-9a7e-e7c73ea9cc4d-00-h7zud3vznxpb.kirk.replit.dev:443
2024-06-05 23:13:04 - urllib3.connectionpool - DEBUG - https://1c8cd0ab-1058-4932-9a7e-e7c73ea9cc4d-00-h7zud3vznxpb.kirk.replit.dev:443 "POST /generateData HTTP/1.1" 200 300
2024-06-05 23:13:39 - root - INFO - Initializing FizzBuzz problem
2024-06-05 23:13:39 - urllib3.connectionpool - DEBUG - Starting new HTTPS connection (1): 1c8cd0ab-1058-4932-9a7e-e7c73ea9cc4d-00-h7zud3vznxpb.kirk.replit.dev:443
2024-06-05 23:13:40 - urllib3.connectionpool - DEBUG - https://1c8cd0ab-1058-4932-9a7e-e7c73ea9cc4d-00-h7zud3vznxpb.kirk.replit.dev:443 "POST /generateData HTTP/1.1" 200 300
2024-06-05 23:14:57 - root - INFO - Initializing FizzBuzz problem
2024-06-05 23:14:57 - urllib3.connectionpool - DEBUG - Starting new HTTPS connection (1): 1c8cd0ab-1058-4932-9a7e-e7c73ea9cc4d-00-h7zud3vznxpb.kirk.replit.dev:443
2024-06-05 23:14:58 - urllib3.connectionpool - DEBUG - https://1c8cd0ab-1058-4932-9a7e-e7c73ea9cc4d-00-h7zud3vznxpb.kirk.replit.dev:443 "POST /generateData HTTP/1.1" 200 300
2024-06-05 23:15:26 - root - INFO - Initializing FizzBuzz problem
2024-06-05 23:15:26 - urllib3.connectionpool - DEBUG - Starting new HTTPS connection (1): 1c8cd0ab-1058-4932-9a7e-e7c73ea9cc4d-00-h7zud3vznxpb.kirk.replit.dev:443
2024-06-05 23:15:27 - urllib3.connectionpool - DEBUG - https://1c8cd0ab-1058-4932-9a7e-e7c73ea9cc4d-00-h7zud3vznxpb.kirk.replit.dev:443 "POST /generateData HTTP/1.1" 200 300
2024-06-05 23:15:48 - urllib3.connectionpool - DEBUG - Starting new HTTPS connection (1): 1c8cd0ab-1058-4932-9a7e-e7c73ea9cc4d-00-h7zud3vznxpb.kirk.replit.dev:443
2024-06-05 23:15:49 - urllib3.connectionpool - DEBUG - https://1c8cd0ab-1058-4932-9a7e-e7c73ea9cc4d-00-h7zud3vznxpb.kirk.replit.dev:443 "GET /shutdown HTTP/1.1" 200 27
2024-06-05 23:15:49 - root - INFO - Shutdown problemSolver
